Archive member included to satisfy reference by file (symbol)

/usr/lib/gcc/arm-none-eabi/7.4.0/thumb/v6-m/libgcc.a(_thumb1_case_sqi.o)
                              hpl/tcc/hpl_tcc.o (__gnu_thumb1_case_sqi)
/usr/lib/gcc/arm-none-eabi/7.4.0/thumb/v6-m/libgcc.a(_udivsi3.o)
                              hpl/core/hpl_core_m0plus_base.o (__aeabi_uidiv)
/usr/lib/gcc/arm-none-eabi/7.4.0/thumb/v6-m/libgcc.a(_divsi3.o)
                              hpl/core/hpl_core_m0plus_base.o (__aeabi_idiv)
/usr/lib/gcc/arm-none-eabi/7.4.0/thumb/v6-m/libgcc.a(_dvmd_tls.o)
                              /usr/lib/gcc/arm-none-eabi/7.4.0/thumb/v6-m/libgcc.a(_udivsi3.o) (__aeabi_idiv0)
/usr/lib/gcc/arm-none-eabi/7.4.0/thumb/v6-m/libgcc.a(_aeabi_ldivmod.o)
                              hpl/sercom/hpl_sercom.o (__aeabi_ldivmod)
/usr/lib/gcc/arm-none-eabi/7.4.0/thumb/v6-m/libgcc.a(_aeabi_uldivmod.o)
                              hpl/sercom/hpl_sercom.o (__aeabi_uldivmod)
/usr/lib/gcc/arm-none-eabi/7.4.0/thumb/v6-m/libgcc.a(_muldi3.o)
                              hpl/sercom/hpl_sercom.o (__aeabi_lmul)
/usr/lib/gcc/arm-none-eabi/7.4.0/thumb/v6-m/libgcc.a(_fixunsdfsi.o)
                              hpl/sercom/hpl_sercom.o (__aeabi_d2uiz)
/usr/lib/gcc/arm-none-eabi/7.4.0/thumb/v6-m/libgcc.a(_udivmoddi4.o)
                              /usr/lib/gcc/arm-none-eabi/7.4.0/thumb/v6-m/libgcc.a(_aeabi_uldivmod.o) (__udivmoddi4)
/usr/lib/gcc/arm-none-eabi/7.4.0/thumb/v6-m/libgcc.a(bpabi.o)
                              /usr/lib/gcc/arm-none-eabi/7.4.0/thumb/v6-m/libgcc.a(_aeabi_ldivmod.o) (__gnu_ldivmod_helper)
/usr/lib/gcc/arm-none-eabi/7.4.0/thumb/v6-m/libgcc.a(divdf3.o)
                              hpl/sercom/hpl_sercom.o (__aeabi_ddiv)
/usr/lib/gcc/arm-none-eabi/7.4.0/thumb/v6-m/libgcc.a(muldf3.o)
                              hpl/sercom/hpl_sercom.o (__aeabi_dmul)
/usr/lib/gcc/arm-none-eabi/7.4.0/thumb/v6-m/libgcc.a(subdf3.o)
                              hpl/sercom/hpl_sercom.o (__aeabi_dsub)
/usr/lib/gcc/arm-none-eabi/7.4.0/thumb/v6-m/libgcc.a(fixdfsi.o)
                              /usr/lib/gcc/arm-none-eabi/7.4.0/thumb/v6-m/libgcc.a(_fixunsdfsi.o) (__aeabi_d2iz)
/usr/lib/gcc/arm-none-eabi/7.4.0/thumb/v6-m/libgcc.a(floatsidf.o)
                              hpl/sercom/hpl_sercom.o (__aeabi_i2d)
/usr/lib/gcc/arm-none-eabi/7.4.0/thumb/v6-m/libgcc.a(floatunsidf.o)
                              hpl/sercom/hpl_sercom.o (__aeabi_ui2d)
/usr/lib/gcc/arm-none-eabi/7.4.0/thumb/v6-m/libgcc.a(_arm_cmpdf2.o)
                              /usr/lib/gcc/arm-none-eabi/7.4.0/thumb/v6-m/libgcc.a(_fixunsdfsi.o) (__aeabi_dcmpge)
/usr/lib/gcc/arm-none-eabi/7.4.0/thumb/v6-m/libgcc.a(_clzsi2.o)
                              /usr/lib/gcc/arm-none-eabi/7.4.0/thumb/v6-m/libgcc.a(divdf3.o) (__clzsi2)
/usr/lib/gcc/arm-none-eabi/7.4.0/thumb/v6-m/libgcc.a(_clzdi2.o)
                              /usr/lib/gcc/arm-none-eabi/7.4.0/thumb/v6-m/libgcc.a(_udivmoddi4.o) (__clzdi2)
/usr/lib/gcc/arm-none-eabi/7.4.0/thumb/v6-m/libgcc.a(_divdi3.o)
                              /usr/lib/gcc/arm-none-eabi/7.4.0/thumb/v6-m/libgcc.a(bpabi.o) (__divdi3)
/usr/lib/gcc/arm-none-eabi/7.4.0/thumb/v6-m/libgcc.a(eqdf2.o)
                              /usr/lib/gcc/arm-none-eabi/7.4.0/thumb/v6-m/libgcc.a(_arm_cmpdf2.o) (__eqdf2)
/usr/lib/gcc/arm-none-eabi/7.4.0/thumb/v6-m/libgcc.a(gedf2.o)
                              /usr/lib/gcc/arm-none-eabi/7.4.0/thumb/v6-m/libgcc.a(_arm_cmpdf2.o) (__gedf2)
/usr/lib/gcc/arm-none-eabi/7.4.0/thumb/v6-m/libgcc.a(ledf2.o)
                              /usr/lib/gcc/arm-none-eabi/7.4.0/thumb/v6-m/libgcc.a(_arm_cmpdf2.o) (__ledf2)
/usr/lib/gcc/arm-none-eabi/7.4.0/../../../../arm-none-eabi/lib/thumb/v6-m/libc_nano.a(lib_a-atexit.o)
                              /usr/lib/gcc/arm-none-eabi/7.4.0/../../../../arm-none-eabi/lib/thumb/v6-m/crt0.o (atexit)
/usr/lib/gcc/arm-none-eabi/7.4.0/../../../../arm-none-eabi/lib/thumb/v6-m/libc_nano.a(lib_a-exit.o)
                              /usr/lib/gcc/arm-none-eabi/7.4.0/../../../../arm-none-eabi/lib/thumb/v6-m/crt0.o (exit)
/usr/lib/gcc/arm-none-eabi/7.4.0/../../../../arm-none-eabi/lib/thumb/v6-m/libc_nano.a(lib_a-fini.o)
                              /usr/lib/gcc/arm-none-eabi/7.4.0/../../../../arm-none-eabi/lib/thumb/v6-m/crt0.o (__libc_fini_array)
/usr/lib/gcc/arm-none-eabi/7.4.0/../../../../arm-none-eabi/lib/thumb/v6-m/libc_nano.a(lib_a-impure.o)
                              /usr/lib/gcc/arm-none-eabi/7.4.0/../../../../arm-none-eabi/lib/thumb/v6-m/libc_nano.a(lib_a-exit.o) (_global_impure_ptr)
/usr/lib/gcc/arm-none-eabi/7.4.0/../../../../arm-none-eabi/lib/thumb/v6-m/libc_nano.a(lib_a-init.o)
                              /usr/lib/gcc/arm-none-eabi/7.4.0/../../../../arm-none-eabi/lib/thumb/v6-m/crt0.o (__libc_init_array)
/usr/lib/gcc/arm-none-eabi/7.4.0/../../../../arm-none-eabi/lib/thumb/v6-m/libc_nano.a(lib_a-memset.o)
[...]
Memory Configuration

Name             Origin             Length             Attributes
rom              0x0000000000000000 0x0000000000040000 xr
ram              0x0000000020000000 0x0000000000008000 xrw
*default*        0x0000000000000000 0xffffffffffffffff

Linker script and memory map

LOAD /usr/lib/gcc/arm-none-eabi/7.4.0/thumb/v6-m/crti.o
LOAD /usr/lib/gcc/arm-none-eabi/7.4.0/thumb/v6-m/crtbegin.o
LOAD /usr/lib/gcc/arm-none-eabi/7.4.0/../../../../arm-none-eabi/lib/thumb/v6-m/crt0.o
LOAD hal/src/hal_io.o
LOAD samd21a/gcc/gcc/startup_samd21.o
LOAD hal/utils/src/utils_syscalls.o
LOAD hal/src/hal_pwm.o
LOAD hal/src/hal_i2c_m_sync.o
LOAD hal/src/hal_delay.o
LOAD hpl/pm/hpl_pm.o
LOAD hpl/core/hpl_init.o
LOAD hal/utils/src/utils_list.o
LOAD hpl/core/hpl_core_m0plus_base.o
LOAD hal/utils/src/utils_assert.o
LOAD hpl/dmac/hpl_dmac.o
LOAD hpl/sysctrl/hpl_sysctrl.o
LOAD hpl/gclk/hpl_gclk.o
LOAD hal/src/hal_init.o
LOAD main.o
LOAD samd21a/gcc/system_samd21.o
LOAD examples/driver_examples.o
LOAD driver_init.o
LOAD hpl/sercom/hpl_sercom.o
LOAD hal/src/hal_gpio.o
LOAD hal/utils/src/utils_event.o
LOAD hal/src/hal_sleep.o
LOAD hpl/tcc/hpl_tcc.o
LOAD atmel_start.o
LOAD hal/src/hal_atomic.o
START GROUP
LOAD /usr/lib/gcc/arm-none-eabi/7.4.0/../../../../arm-none-eabi/lib/thumb/v6-m/libm.a
END GROUP
START GROUP
LOAD /usr/lib/gcc/arm-none-eabi/7.4.0/thumb/v6-m/libgcc.a
LOAD /usr/lib/gcc/arm-none-eabi/7.4.0/../../../../arm-none-eabi/lib/thumb/v6-m/libc_nano.a
END GROUP
START GROUP
LOAD /usr/lib/gcc/arm-none-eabi/7.4.0/thumb/v6-m/libgcc.a
LOAD /usr/lib/gcc/arm-none-eabi/7.4.0/../../../../arm-none-eabi/lib/thumb/v6-m/libc_nano.a
END GROUP
LOAD /usr/lib/gcc/arm-none-eabi/7.4.0/thumb/v6-m/crtend.o
LOAD /usr/lib/gcc/arm-none-eabi/7.4.0/thumb/v6-m/crtn.o
                0x0000000000002000                STACK_SIZE = DEFINED (STACK_SIZE)?STACK_SIZE:DEFINED (__stack_size__)?__stack_size__:0x2000

.text           0x0000000000000000      0xc4c
                0x0000000000000000                . = ALIGN (0x4)
                0x0000000000000000                _sfixed = .
 *(.vectors .vectors.*)
 .vectors       0x0000000000000000       0xb4 samd21a/gcc/gcc/startup_samd21.o
                0x0000000000000000                exception_table
 *(.text .text.* .gnu.linkonce.t.*)
 .text          0x00000000000000b4       0x98 /usr/lib/gcc/arm-none-eabi/7.4.0/thumb/v6-m/crtbegin.o
 .text.Dummy_Handler
                0x000000000000014c        0x2 samd21a/gcc/gcc/startup_samd21.o
                0x000000000000014c                SVCall_Handler
                0x000000000000014c                DMAC_Handler
                0x000000000000014c                HardFault_Handler
                0x000000000000014c                AC_Handler
                0x000000000000014c                SysTick_Handler
                0x000000000000014c                PendSV_Handler
                0x000000000000014c                SERCOM1_Handler
                0x000000000000014c                ADC_Handler
                0x000000000000014c                NonMaskableInt_Handler
                0x000000000000014c                SERCOM2_Handler
                0x000000000000014c                TCC0_Handler
                0x000000000000014c                RTC_Handler
                0x000000000000014c                EIC_Handler
                0x000000000000014c                WDT_Handler
                0x000000000000014c                TC4_Handler
                0x000000000000014c                USB_Handler
                0x000000000000014c                TC3_Handler
                0x000000000000014c                Dummy_Handler
                0x000000000000014c                PM_Handler
                0x000000000000014c                SERCOM5_Handler
                0x000000000000014c                TCC2_Handler
                0x000000000000014c                EVSYS_Handler
                0x000000000000014c                SERCOM3_Handler
                0x000000000000014c                SERCOM4_Handler
                0x000000000000014c                I2S_Handler
                0x000000000000014c                NVMCTRL_Handler
                0x000000000000014c                SERCOM0_Handler
                0x000000000000014c                DAC_Handler
                0x000000000000014c                PTC_Handler
                0x000000000000014c                TC5_Handler
                0x000000000000014c                SYSCTRL_Handler
 *fill*         0x000000000000014e        0x2 
 .text.Reset_Handler
                0x0000000000000150       0xbc samd21a/gcc/gcc/startup_samd21.o
                0x0000000000000150                Reset_Handler
 .text.i2c_m_sync_write
                0x000000000000020c       0x2c hal/src/hal_i2c_m_sync.o
 .text.i2c_m_sync_read
                0x0000000000000238       0x2c hal/src/hal_i2c_m_sync.o
 .text.i2c_m_sync_init
                0x0000000000000264       0x40 hal/src/hal_i2c_m_sync.o
                0x0000000000000264                i2c_m_sync_init
 .text.delay_init
                0x00000000000002a4       0x14 hal/src/hal_delay.o
                0x00000000000002a4                delay_init
 .text.delay_ms
                0x00000000000002b8       0x20 hal/src/hal_delay.o
                0x00000000000002b8                delay_ms
 .text._pm_init
                0x00000000000002d8       0x20 hpl/pm/hpl_pm.o
                0x00000000000002d8                _pm_init
 .text._init_chip
                0x00000000000002f8       0x34 hpl/core/hpl_init.o
                0x00000000000002f8                _init_chip
 .text._get_cycles_for_ms
                0x000000000000032c       0x1c hpl/core/hpl_core_m0plus_base.o
                0x000000000000032c                _get_cycles_for_ms
 .text._delay_init
                0x0000000000000348        0x2 hpl/core/hpl_core_m0plus_base.o
                0x0000000000000348                _delay_init
 .text._delay_cycles
                0x000000000000034a        0x6 hpl/core/hpl_core_m0plus_base.o
                0x000000000000034a                _delay_cycles
 .text.assert   0x0000000000000350        0x8 hal/utils/src/utils_assert.o
                0x0000000000000350                assert
 .text._sysctrl_init_sources
                0x0000000000000358       0x30 hpl/sysctrl/hpl_sysctrl.o
                0x0000000000000358                _sysctrl_init_sources
 .text._sysctrl_init_referenced_generators
                0x0000000000000388       0x6c hpl/sysctrl/hpl_sysctrl.o
                0x0000000000000388                _sysctrl_init_referenced_generators
 .text._gclk_init_generators_by_fref
                0x00000000000003f4       0x3c hpl/gclk/hpl_gclk.o
                0x00000000000003f4                _gclk_init_generators_by_fref
 .text.startup.main
                0x0000000000000430       0x54 main.o
                0x0000000000000430                main
 .text._gpio_set_direction.constprop.7
                0x0000000000000484       0x24 driver_init.o
 .text.I2C_0_PORT_init
                0x00000000000004a8       0x4c driver_init.o
                0x00000000000004a8                I2C_0_PORT_init
 .text.I2C_0_CLOCK_init
                0x00000000000004f4       0x28 driver_init.o
                0x00000000000004f4                I2C_0_CLOCK_init
 .text.I2C_0_init
                0x000000000000051c       0x28 driver_init.o
                0x000000000000051c                I2C_0_init
 .text.system_init
                0x0000000000000544       0x68 driver_init.o
                0x0000000000000544                system_init
 .text.hri_sercomi2cm_wait_for_sync
                0x00000000000005ac        0x8 hpl/sercom/hpl_sercom.o
 .text.hri_sercomi2cm_clear_CTRLA_ENABLE_bit
                0x00000000000005b4       0x18 hpl/sercom/hpl_sercom.o
 .text._get_i2cm_index
                0x00000000000005cc       0x2c hpl/sercom/hpl_sercom.o
 .text._sercom_i2c_send_stop
                0x00000000000005f8       0x18 hpl/sercom/hpl_sercom.o
 .text._sercom_i2c_sync_analyse_flags
                0x0000000000000610      0x188 hpl/sercom/hpl_sercom.o
 .text._i2c_m_sync_init_impl
                0x0000000000000798       0xc0 hpl/sercom/hpl_sercom.o
 .text._i2c_m_sync_init
                0x0000000000000858       0x30 hpl/sercom/hpl_sercom.o
                0x0000000000000858                _i2c_m_sync_init
 .text._i2c_m_sync_transfer
                0x0000000000000888      0x1a0 hpl/sercom/hpl_sercom.o
                0x0000000000000888                _i2c_m_sync_transfer
 .text.TCC1_Handler
                0x0000000000000a28       0x38 hpl/tcc/hpl_tcc.o
                0x0000000000000a28                TCC1_Handler
 .text.atmel_start_init
                0x0000000000000a60        0xc atmel_start.o
                0x0000000000000a60                atmel_start_init
 .text          0x0000000000000a6c      0x114 /usr/lib/gcc/arm-none-eabi/7.4.0/thumb/v6-m/libgcc.a(_udivsi3.o)
                0x0000000000000a6c                __udivsi3
                0x0000000000000a6c                __aeabi_uidiv
                0x0000000000000b78                __aeabi_uidivmod
 .text          0x0000000000000b80        0x4 /usr/lib/gcc/arm-none-eabi/7.4.0/thumb/v6-m/libgcc.a(_dvmd_tls.o)
                0x0000000000000b80                __aeabi_ldiv0
                0x0000000000000b80                __aeabi_idiv0
 .text.__libc_init_array
                0x0000000000000b84       0x48 /usr/lib/gcc/arm-none-eabi/7.4.0/../../../../arm-none-eabi/lib/thumb/v6-m/libc_nano.a(lib_a-init.o)
                0x0000000000000b84                __libc_init_array
 *(.glue_7t)
 .glue_7t       0x0000000000000bcc        0x0 linker stubs
 *(.glue_7)
 .glue_7        0x0000000000000bcc        0x0 linker stubs
 *(.rodata .rodata* .gnu.linkonce.r.*)
 .rodata.str1.1
                0x0000000000000bcc       0x1c hal/src/hal_i2c_m_sync.o
 .rodata        0x0000000000000be8       0x29 hpl/sercom/hpl_sercom.o
 .rodata.str1.1
                0x0000000000000c11       0x1b hpl/sercom/hpl_sercom.o
 *(.ARM.extab* .gnu.linkonce.armextab.*)
                0x0000000000000c2c                . = ALIGN (0x4)
 *(.init)
 .init          0x0000000000000c2c        0x4 /usr/lib/gcc/arm-none-eabi/7.4.0/thumb/v6-m/crti.o
                0x0000000000000c2c                _init
 .init          0x0000000000000c30        0x8 /usr/lib/gcc/arm-none-eabi/7.4.0/thumb/v6-m/crtn.o
                0x0000000000000c38                . = ALIGN (0x4)
                0x0000000000000c38                __preinit_array_start = .
 *(.preinit_array)
                0x0000000000000c38                __preinit_array_end = .
                0x0000000000000c38                . = ALIGN (0x4)
                0x0000000000000c38                __init_array_start = .
 *(SORT_BY_NAME(.init_array.*))
 *(.init_array)
 .init_array    0x0000000000000c38        0x4 /usr/lib/gcc/arm-none-eabi/7.4.0/thumb/v6-m/crtbegin.o
                0x0000000000000c3c                __init_array_end = .
                0x0000000000000c3c                . = ALIGN (0x4)
 *crtbegin.o(.ctors)
 *(EXCLUDE_FILE(*crtend.o) .ctors)
 *(SORT_BY_NAME(.ctors.*))
 *crtend.o(.ctors)
                0x0000000000000c3c                . = ALIGN (0x4)
 *(.fini)
 .fini          0x0000000000000c3c        0x4 /usr/lib/gcc/arm-none-eabi/7.4.0/thumb/v6-m/crti.o
                0x0000000000000c3c                _fini
 .fini          0x0000000000000c40        0x8 /usr/lib/gcc/arm-none-eabi/7.4.0/thumb/v6-m/crtn.o
                0x0000000000000c48                . = ALIGN (0x4)
                0x0000000000000c48                __fini_array_start = .
 *(.fini_array)
 .fini_array    0x0000000000000c48        0x4 /usr/lib/gcc/arm-none-eabi/7.4.0/thumb/v6-m/crtbegin.o
 *(SORT_BY_NAME(.fini_array.*))
                0x0000000000000c4c                __fini_array_end = .
 *crtbegin.o(.dtors)
 *(EXCLUDE_FILE(*crtend.o) .dtors)
 *(SORT_BY_NAME(.dtors.*))
 *crtend.o(.dtors)
                0x0000000000000c4c                . = ALIGN (0x4)
                0x0000000000000c4c                _efixed = .
                [!provide]                        PROVIDE (__exidx_start = .)

.vfp11_veneer   0x0000000000000c4c        0x0
 .vfp11_veneer  0x0000000000000c4c        0x0 linker stubs

.v4_bx          0x0000000000000c4c        0x0
 .v4_bx         0x0000000000000c4c        0x0 linker stubs

.iplt           0x0000000000000c4c        0x0
 .iplt          0x0000000000000c4c        0x0 /usr/lib/gcc/arm-none-eabi/7.4.0/thumb/v6-m/crtbegin.o

.eh_frame       0x0000000000000c4c        0x0
 .eh_frame      0x0000000000000c4c        0x0 /usr/lib/gcc/arm-none-eabi/7.4.0/thumb/v6-m/crtbegin.o

.rel.dyn        0x0000000000000c4c        0x0
 .rel.iplt      0x0000000000000c4c        0x0 /usr/lib/gcc/arm-none-eabi/7.4.0/thumb/v6-m/crtbegin.o

.tm_clone_table
                0x0000000000000c4c        0x0
 .tm_clone_table
                0x0000000000000c4c        0x0 /usr/lib/gcc/arm-none-eabi/7.4.0/thumb/v6-m/crtbegin.o
 .tm_clone_table
                0x0000000000000c4c        0x0 /usr/lib/gcc/arm-none-eabi/7.4.0/thumb/v6-m/crtend.o

.igot.plt       0x0000000000000c4c        0x0
 .igot.plt      0x0000000000000c4c        0x0 /usr/lib/gcc/arm-none-eabi/7.4.0/thumb/v6-m/crtbegin.o

.ARM.exidx
 *(.ARM.exidx* .gnu.linkonce.armexidx.*)
                [!provide]                        PROVIDE (__exidx_end = .)
                0x0000000000000c4c                . = ALIGN (0x4)
                0x0000000000000c4c                _etext = .

.relocate       0x0000000020000000        0x0 load address 0x0000000000000c4c
                0x0000000020000000                . = ALIGN (0x4)
                0x0000000020000000                _srelocate = .
 *(.ramfunc .ramfunc.*)
 *(.data .data.*)
                0x0000000020000000                . = ALIGN (0x4)
                0x0000000020000000                _erelocate = .

.bss            0x0000000020000000       0x60
                0x0000000020000000                . = ALIGN (0x4)
                0x0000000020000000                _sbss = .
                0x0000000020000000                _szero = .
 *(.bss .bss.*)
 .bss           0x0000000020000000       0x1c /usr/lib/gcc/arm-none-eabi/7.4.0/thumb/v6-m/crtbegin.o
 .bss           0x000000002000001c        0x4 hal/src/hal_delay.o
 .bss           0x0000000020000020        0x4 hpl/tcc/hpl_tcc.o
 *(COMMON)
 COMMON         0x0000000020000024       0x3c driver_init.o
                0x0000000020000024                PWM_0
                0x0000000020000040                I2C_0
                0x0000000020000060                . = ALIGN (0x4)
                0x0000000020000060                _ebss = .
                0x0000000020000060                _ezero = .

.stack          0x0000000020000060     0x2000
                0x0000000020000060                . = ALIGN (0x8)
                0x0000000020000060                _sstack = .
                0x0000000020002060                . = (. + STACK_SIZE)
 *fill*         0x0000000020000060     0x2000 
                0x0000000020002060                . = ALIGN (0x8)
                0x0000000020002060                _estack = .
                0x0000000020002060                . = ALIGN (0x4)
                0x0000000020002060                _end = .
OUTPUT(AtmelStart.elf elf32-littlearm)

.ARM.attributes
                0x0000000000000000       0x28
 .ARM.attributes
                0x0000000000000000       0x1e /usr/lib/gcc/arm-none-eabi/7.4.0/thumb/v6-m/crti.o
 .ARM.attributes
                0x000000000000001e       0x2c /usr/lib/gcc/arm-none-eabi/7.4.0/thumb/v6-m/crtbegin.o
 .ARM.attributes
                0x000000000000004a       0x32 samd21a/gcc/gcc/startup_samd21.o
 .ARM.attributes
                0x000000000000007c       0x32 hal/src/hal_i2c_m_sync.o
 .ARM.attributes
                0x00000000000000ae       0x32 hal/src/hal_delay.o
 .ARM.attributes
                0x00000000000000e0       0x32 hpl/pm/hpl_pm.o
 .ARM.attributes
                0x0000000000000112       0x32 hpl/core/hpl_init.o
 .ARM.attributes
                0x0000000000000144       0x32 hpl/core/hpl_core_m0plus_base.o
 .ARM.attributes
                0x0000000000000176       0x32 hal/utils/src/utils_assert.o
 .ARM.attributes
                0x00000000000001a8       0x32 hpl/sysctrl/hpl_sysctrl.o
 .ARM.attributes
                0x00000000000001da       0x32 hpl/gclk/hpl_gclk.o
 .ARM.attributes
                0x000000000000020c       0x32 main.o
 .ARM.attributes
                0x000000000000023e       0x32 driver_init.o
 .ARM.attributes
                0x0000000000000270       0x32 hpl/sercom/hpl_sercom.o
 .ARM.attributes
                0x00000000000002a2       0x32 hpl/tcc/hpl_tcc.o
 .ARM.attributes
                0x00000000000002d4       0x32 atmel_start.o
 .ARM.attributes
                0x0000000000000306       0x1e /usr/lib/gcc/arm-none-eabi/7.4.0/thumb/v6-m/libgcc.a(_udivsi3.o)
 .ARM.attributes
                0x0000000000000324       0x1e /usr/lib/gcc/arm-none-eabi/7.4.0/thumb/v6-m/libgcc.a(_dvmd_tls.o)
 .ARM.attributes
                0x0000000000000342       0x2c /usr/lib/gcc/arm-none-eabi/7.4.0/../../../../arm-none-eabi/lib/thumb/v6-m/libc_nano.a(lib_a-init.o)
 .ARM.attributes
                0x000000000000036e       0x2c /usr/lib/gcc/arm-none-eabi/7.4.0/thumb/v6-m/crtend.o
 .ARM.attributes
                0x000000000000039a       0x1e /usr/lib/gcc/arm-none-eabi/7.4.0/thumb/v6-m/crtn.o

.comment        0x0000000000000000       0x42
 .comment       0x0000000000000000       0x21 /usr/lib/gcc/arm-none-eabi/7.4.0/thumb/v6-m/crtbegin.o
                                         0x22 (size before relaxing)
 .comment       0x0000000000000021       0x22 samd21a/gcc/gcc/startup_samd21.o
 .comment       0x0000000000000021       0x22 hal/src/hal_i2c_m_sync.o
 .comment       0x0000000000000021       0x22 hal/src/hal_delay.o
 .comment       0x0000000000000021       0x22 hpl/pm/hpl_pm.o
 .comment       0x0000000000000021       0x22 hpl/core/hpl_init.o
 .comment       0x0000000000000021       0x22 hpl/core/hpl_core_m0plus_base.o
 .comment       0x0000000000000021       0x22 hal/utils/src/utils_assert.o
 .comment       0x0000000000000021       0x22 hpl/sysctrl/hpl_sysctrl.o
 .comment       0x0000000000000021       0x22 hpl/gclk/hpl_gclk.o
 .comment       0x0000000000000021       0x22 main.o
 .comment       0x0000000000000021       0x22 driver_init.o
 .comment       0x0000000000000021       0x22 hpl/sercom/hpl_sercom.o
 .comment       0x0000000000000021       0x22 hpl/tcc/hpl_tcc.o
 .comment       0x0000000000000021       0x22 atmel_start.o
 .comment       0x0000000000000021       0x21 /usr/lib/gcc/arm-none-eabi/7.4.0/../../../../arm-none-eabi/lib/thumb/v6-m/libc_nano.a(lib_a-init.o)
                                         0x22 (size before relaxing)
 .comment       0x0000000000000042       0x22 /usr/lib/gcc/arm-none-eabi/7.4.0/thumb/v6-m/crtend.o

.debug_info     0x0000000000000000    0x1ef44
 .debug_info    0x0000000000000000     0x35cb samd21a/gcc/gcc/startup_samd21.o
 .debug_info    0x00000000000035cb      0x7fc hal/src/hal_i2c_m_sync.o
 .debug_info    0x0000000000003dc7      0x1b4 hal/src/hal_delay.o
 .debug_info    0x0000000000003f7b      0xbaa hpl/pm/hpl_pm.o
 .debug_info    0x0000000000004b25      0x625 hpl/core/hpl_init.o
 .debug_info    0x000000000000514a      0x7cf hpl/core/hpl_core_m0plus_base.o
 .debug_info    0x0000000000005919       0xf6 hal/utils/src/utils_assert.o
 .debug_info    0x0000000000005a0f     0x1746 hpl/sysctrl/hpl_sysctrl.o
 .debug_info    0x0000000000007155      0x567 hpl/gclk/hpl_gclk.o
 .debug_info    0x00000000000076bc      0xee5 main.o
 .debug_info    0x00000000000085a1     0x95a3 driver_init.o
 .debug_info    0x0000000000011b44     0x9c03 hpl/sercom/hpl_sercom.o
 .debug_info    0x000000000001b747     0x3309 hpl/tcc/hpl_tcc.o
 .debug_info    0x000000000001ea50      0x39f atmel_start.o
 .debug_info    0x000000000001edef       0x26 /usr/lib/gcc/arm-none-eabi/7.4.0/thumb/v6-m/libgcc.a(_udivsi3.o)
 .debug_info    0x000000000001ee15       0x26 /usr/lib/gcc/arm-none-eabi/7.4.0/thumb/v6-m/libgcc.a(_dvmd_tls.o)
 .debug_info    0x000000000001ee3b      0x109 /usr/lib/gcc/arm-none-eabi/7.4.0/../../../../arm-none-eabi/lib/thumb/v6-m/libc_nano.a(lib_a-init.o)

.debug_abbrev   0x0000000000000000     0x2381
 .debug_abbrev  0x0000000000000000      0x25e samd21a/gcc/gcc/startup_samd21.o
 .debug_abbrev  0x000000000000025e      0x187 hal/src/hal_i2c_m_sync.o
 .debug_abbrev  0x00000000000003e5       0xde hal/src/hal_delay.o
 .debug_abbrev  0x00000000000004c3      0x231 hpl/pm/hpl_pm.o
 .debug_abbrev  0x00000000000006f4      0x1d6 hpl/core/hpl_init.o
 .debug_abbrev  0x00000000000008ca      0x2c3 hpl/core/hpl_core_m0plus_base.o
 .debug_abbrev  0x0000000000000b8d       0x84 hal/utils/src/utils_assert.o
 .debug_abbrev  0x0000000000000c11      0x28f hpl/sysctrl/hpl_sysctrl.o
 .debug_abbrev  0x0000000000000ea0      0x1c8 hpl/gclk/hpl_gclk.o
 .debug_abbrev  0x0000000000001068      0x2bf main.o
 .debug_abbrev  0x0000000000001327      0x3c0 driver_init.o
 .debug_abbrev  0x00000000000016e7      0x610 hpl/sercom/hpl_sercom.o
 .debug_abbrev  0x0000000000001cf7      0x4c1 hpl/tcc/hpl_tcc.o
 .debug_abbrev  0x00000000000021b8       0xe7 atmel_start.o
 .debug_abbrev  0x000000000000229f       0x14 /usr/lib/gcc/arm-none-eabi/7.4.0/thumb/v6-m/libgcc.a(_udivsi3.o)
 .debug_abbrev  0x00000000000022b3       0x14 /usr/lib/gcc/arm-none-eabi/7.4.0/thumb/v6-m/libgcc.a(_dvmd_tls.o)
 .debug_abbrev  0x00000000000022c7       0xba /usr/lib/gcc/arm-none-eabi/7.4.0/../../../../arm-none-eabi/lib/thumb/v6-m/libc_nano.a(lib_a-init.o)

.debug_loc      0x0000000000000000     0x7196
 .debug_loc     0x0000000000000000       0x2b samd21a/gcc/gcc/startup_samd21.o
 .debug_loc     0x000000000000002b      0x509 hal/src/hal_i2c_m_sync.o
 .debug_loc     0x0000000000000534       0x63 hal/src/hal_delay.o
 .debug_loc     0x0000000000000597      0x10d hpl/pm/hpl_pm.o
 .debug_loc     0x00000000000006a4       0x2c hpl/core/hpl_init.o
 .debug_loc     0x00000000000006d0      0x197 hpl/core/hpl_core_m0plus_base.o
 .debug_loc     0x0000000000000867      0x1fd hpl/sysctrl/hpl_sysctrl.o
 .debug_loc     0x0000000000000a64      0x190 hpl/gclk/hpl_gclk.o
 .debug_loc     0x0000000000000bf4      0x1e8 main.o
 .debug_loc     0x0000000000000ddc      0x72d driver_init.o
 .debug_loc     0x0000000000001509     0x53df hpl/sercom/hpl_sercom.o
 .debug_loc     0x00000000000068e8      0x85c hpl/tcc/hpl_tcc.o
 .debug_loc     0x0000000000007144       0x52 /usr/lib/gcc/arm-none-eabi/7.4.0/../../../../arm-none-eabi/lib/thumb/v6-m/libc_nano.a(lib_a-init.o)

.debug_aranges  0x0000000000000000      0x8a0
 .debug_aranges
                0x0000000000000000       0x28 samd21a/gcc/gcc/startup_samd21.o
 .debug_aranges
                0x0000000000000028       0x88 hal/src/hal_i2c_m_sync.o
 .debug_aranges
                0x00000000000000b0       0x38 hal/src/hal_delay.o
 .debug_aranges
                0x00000000000000e8       0x30 hpl/pm/hpl_pm.o
 .debug_aranges
                0x0000000000000118       0x20 hpl/core/hpl_init.o
 .debug_aranges
                0x0000000000000138       0x80 hpl/core/hpl_core_m0plus_base.o
 .debug_aranges
                0x00000000000001b8       0x20 hal/utils/src/utils_assert.o
 .debug_aranges
                0x00000000000001d8       0x28 hpl/sysctrl/hpl_sysctrl.o
 .debug_aranges
                0x0000000000000200       0x28 hpl/gclk/hpl_gclk.o
 .debug_aranges
                0x0000000000000228       0x20 main.o
 .debug_aranges
                0x0000000000000248       0x58 driver_init.o
 .debug_aranges
                0x00000000000002a0      0x500 hpl/sercom/hpl_sercom.o
 .debug_aranges
                0x00000000000007a0       0x80 hpl/tcc/hpl_tcc.o
 .debug_aranges
                0x0000000000000820       0x20 atmel_start.o
 .debug_aranges
                0x0000000000000840       0x20 /usr/lib/gcc/arm-none-eabi/7.4.0/thumb/v6-m/libgcc.a(_udivsi3.o)
 .debug_aranges
                0x0000000000000860       0x20 /usr/lib/gcc/arm-none-eabi/7.4.0/thumb/v6-m/libgcc.a(_dvmd_tls.o)
 .debug_aranges
                0x0000000000000880       0x20 /usr/lib/gcc/arm-none-eabi/7.4.0/../../../../arm-none-eabi/lib/thumb/v6-m/libc_nano.a(lib_a-init.o)

.debug_ranges   0x0000000000000000     0x1998
 .debug_ranges  0x0000000000000000       0x18 samd21a/gcc/gcc/startup_samd21.o
 .debug_ranges  0x0000000000000018       0x78 hal/src/hal_i2c_m_sync.o
 .debug_ranges  0x0000000000000090       0x28 hal/src/hal_delay.o
 .debug_ranges  0x00000000000000b8       0x50 hpl/pm/hpl_pm.o
 .debug_ranges  0x0000000000000108       0x30 hpl/core/hpl_init.o
 .debug_ranges  0x0000000000000138       0xa8 hpl/core/hpl_core_m0plus_base.o
 .debug_ranges  0x00000000000001e0       0x10 hal/utils/src/utils_assert.o
 .debug_ranges  0x00000000000001f0       0x90 hpl/sysctrl/hpl_sysctrl.o
 .debug_ranges  0x0000000000000280       0x18 hpl/gclk/hpl_gclk.o
 .debug_ranges  0x0000000000000298       0xd0 main.o
 .debug_ranges  0x0000000000000368      0x290 driver_init.o
 .debug_ranges  0x00000000000005f8     0x1178 hpl/sercom/hpl_sercom.o
 .debug_ranges  0x0000000000001770      0x208 hpl/tcc/hpl_tcc.o
 .debug_ranges  0x0000000000001978       0x10 atmel_start.o
 .debug_ranges  0x0000000000001988       0x10 /usr/lib/gcc/arm-none-eabi/7.4.0/../../../../arm-none-eabi/lib/thumb/v6-m/libc_nano.a(lib_a-init.o)

.debug_macro    0x0000000000000000     0x4fbe
 .debug_macro   0x0000000000000000      0x2fc samd21a/gcc/gcc/startup_samd21.o
 .debug_macro   0x00000000000002fc       0x39 samd21a/gcc/gcc/startup_samd21.o
 .debug_macro   0x0000000000000335      0x465 hal/src/hal_i2c_m_sync.o
 .debug_macro   0x000000000000079a       0x6a hal/src/hal_i2c_m_sync.o
 .debug_macro   0x0000000000000804      0x45c hal/src/hal_delay.o
 .debug_macro   0x0000000000000c60      0x469 hpl/pm/hpl_pm.o
 .debug_macro   0x00000000000010c9       0x10 hpl/pm/hpl_pm.o
 .debug_macro   0x00000000000010d9       0x34 hpl/pm/hpl_pm.o
 .debug_macro   0x000000000000110d       0x2e hpl/pm/hpl_pm.o
 .debug_macro   0x000000000000113b      0x4a4 hpl/core/hpl_init.o
 .debug_macro   0x00000000000015df       0x1c hpl/core/hpl_init.o
 .debug_macro   0x00000000000015fb      0x6ec hpl/core/hpl_init.o
 .debug_macro   0x0000000000001ce7      0x481 hpl/core/hpl_core_m0plus_base.o
 .debug_macro   0x0000000000002168      0x433 hal/utils/src/utils_assert.o
 .debug_macro   0x000000000000259b      0x440 hpl/sysctrl/hpl_sysctrl.o
 .debug_macro   0x00000000000029db      0x2da hpl/sysctrl/hpl_sysctrl.o
 .debug_macro   0x0000000000002cb5      0x446 hpl/gclk/hpl_gclk.o
 .debug_macro   0x00000000000030fb      0x1f3 hpl/gclk/hpl_gclk.o
 .debug_macro   0x00000000000032ee      0x507 main.o
 .debug_macro   0x00000000000037f5       0x52 main.o
 .debug_macro   0x0000000000003847       0x70 main.o
 .debug_macro   0x00000000000038b7      0x525 driver_init.o
 .debug_macro   0x0000000000003ddc      0x671 hpl/sercom/hpl_sercom.o
 .debug_macro   0x000000000000444d       0x59 hpl/sercom/hpl_sercom.o
 .debug_macro   0x00000000000044a6       0x10 hpl/sercom/hpl_sercom.o
 .debug_macro   0x00000000000044b6       0x1c hpl/sercom/hpl_sercom.o
 .debug_macro   0x00000000000044d2       0x22 hpl/sercom/hpl_sercom.o
 .debug_macro   0x00000000000044f4       0x10 hpl/sercom/hpl_sercom.o
 .debug_macro   0x0000000000004504      0x47a hpl/tcc/hpl_tcc.o
 .debug_macro   0x000000000000497e      0x139 hpl/tcc/hpl_tcc.o
 .debug_macro   0x0000000000004ab7      0x507 atmel_start.o

.debug_line     0x0000000000000000     0x9366
 .debug_line    0x0000000000000000      0x4b3 samd21a/gcc/gcc/startup_samd21.o
 .debug_line    0x00000000000004b3      0x858 hal/src/hal_i2c_m_sync.o
 .debug_line    0x0000000000000d0b      0x74e hal/src/hal_delay.o
 .debug_line    0x0000000000001459      0x7a4 hpl/pm/hpl_pm.o
 .debug_line    0x0000000000001bfd      0x7e0 hpl/core/hpl_init.o
 .debug_line    0x00000000000023dd      0x8cd hpl/core/hpl_core_m0plus_base.o
 .debug_line    0x0000000000002caa      0x6e7 hal/utils/src/utils_assert.o
 .debug_line    0x0000000000003391      0x833 hpl/sysctrl/hpl_sysctrl.o
 .debug_line    0x0000000000003bc4      0x761 hpl/gclk/hpl_gclk.o
 .debug_line    0x0000000000004325      0x8b5 main.o
 .debug_line    0x0000000000004bda      0xa87 driver_init.o
 .debug_line    0x0000000000005661     0x2874 hpl/sercom/hpl_sercom.o
 .debug_line    0x0000000000007ed5      0xadc hpl/tcc/hpl_tcc.o
 .debug_line    0x00000000000089b1      0x822 atmel_start.o
 .debug_line    0x00000000000091d3       0x73 /usr/lib/gcc/arm-none-eabi/7.4.0/thumb/v6-m/libgcc.a(_udivsi3.o)
 .debug_line    0x0000000000009246       0x67 /usr/lib/gcc/arm-none-eabi/7.4.0/thumb/v6-m/libgcc.a(_dvmd_tls.o)
 .debug_line    0x00000000000092ad       0xb9 /usr/lib/gcc/arm-none-eabi/7.4.0/../../../../arm-none-eabi/lib/thumb/v6-m/libc_nano.a(lib_a-init.o)

.debug_str      0x0000000000000000    0x8252f
 .debug_str     0x0000000000000000    0x6e4b3 samd21a/gcc/gcc/startup_samd21.o
                                      0x6e8e0 (size before relaxing)
 .debug_str     0x000000000006e4b3     0x938a hal/src/hal_i2c_m_sync.o
                                      0x76ca2 (size before relaxing)
 .debug_str     0x000000000007783d       0xf5 hal/src/hal_delay.o
                                      0x76409 (size before relaxing)
 .debug_str     0x0000000000077932      0x632 hpl/pm/hpl_pm.o
                                      0x76a97 (size before relaxing)
 .debug_str     0x0000000000077f64     0x17ac hpl/core/hpl_init.o
                                      0x77f38 (size before relaxing)
 .debug_str     0x0000000000079710      0x318 hpl/core/hpl_core_m0plus_base.o
                                      0x76de9 (size before relaxing)
 .debug_str     0x0000000000079a28       0x2f hal/utils/src/utils_assert.o
                                      0x763af (size before relaxing)
 .debug_str     0x0000000000079a57     0x1385 hpl/sysctrl/hpl_sysctrl.o
                                      0x77836 (size before relaxing)
 .debug_str     0x000000000007addc      0x84e hpl/gclk/hpl_gclk.o
                                      0x76ccb (size before relaxing)
 .debug_str     0x000000000007b62a      0x4cc main.o
                                      0x76c59 (size before relaxing)
 .debug_str     0x000000000007baf6     0x11f1 driver_init.o
                                      0x794d9 (size before relaxing)
 .debug_str     0x000000000007cce7     0x48f5 hpl/sercom/hpl_sercom.o
                                      0x7bf00 (size before relaxing)
 .debug_str     0x00000000000815dc      0xd41 hpl/tcc/hpl_tcc.o
                                      0x78118 (size before relaxing)
 .debug_str     0x000000000008231d       0x11 atmel_start.o
                                      0x769e6 (size before relaxing)
 .debug_str     0x000000000008232e       0xa6 /usr/lib/gcc/arm-none-eabi/7.4.0/thumb/v6-m/libgcc.a(_udivsi3.o)
 .debug_str     0x00000000000823d4       0xa6 /usr/lib/gcc/arm-none-eabi/7.4.0/thumb/v6-m/libgcc.a(_dvmd_tls.o)
 .debug_str     0x00000000000823d4      0x15b /usr/lib/gcc/arm-none-eabi/7.4.0/../../../../arm-none-eabi/lib/thumb/v6-m/libc_nano.a(lib_a-init.o)
                                        0x203 (size before relaxing)

.debug_frame    0x0000000000000000     0x165c
 .debug_frame   0x0000000000000000       0x3c samd21a/gcc/gcc/startup_samd21.o
 .debug_frame   0x000000000000003c      0x16c hal/src/hal_i2c_m_sync.o
 .debug_frame   0x00000000000001a8       0x68 hal/src/hal_delay.o
 .debug_frame   0x0000000000000210       0x40 hpl/pm/hpl_pm.o
 .debug_frame   0x0000000000000250       0x28 hpl/core/hpl_init.o
 .debug_frame   0x0000000000000278       0xfc hpl/core/hpl_core_m0plus_base.o
 .debug_frame   0x0000000000000374       0x20 hal/utils/src/utils_assert.o
 .debug_frame   0x0000000000000394       0x30 hpl/sysctrl/hpl_sysctrl.o
 .debug_frame   0x00000000000003c4       0x30 hpl/gclk/hpl_gclk.o
 .debug_frame   0x00000000000003f4       0x30 main.o
 .debug_frame   0x0000000000000424       0xbc driver_init.o
 .debug_frame   0x00000000000004e0      0xfb0 hpl/sercom/hpl_sercom.o
 .debug_frame   0x0000000000001490      0x158 hpl/tcc/hpl_tcc.o
 .debug_frame   0x00000000000015e8       0x28 atmel_start.o
 .debug_frame   0x0000000000001610       0x20 /usr/lib/gcc/arm-none-eabi/7.4.0/thumb/v6-m/libgcc.a(_udivsi3.o)
 .debug_frame   0x0000000000001630       0x2c /usr/lib/gcc/arm-none-eabi/7.4.0/../../../../arm-none-eabi/lib/thumb/v6-m/libc_nano.a(lib_a-init.o)
